// Vitest Snapshot v1, https://vitest.dev/guide/snapshot.html

exports[`LoginPage > renders login form correctly 1`] = `
<DocumentFragment>
  <div
    class="login-page"
  >
    <div
      class="login-card"
    >
      <div
        class="login-header"
      >
        <span
          class="login-logo"
        >
          ✅
        </span>
        <h1>
          Matter Management
        </h1>
        <p>
          Sign in to manage your tickets
        </p>
      </div>
      <form
        class="login-form"
      >
        <div
          class="form-group"
        >
          <label
            for="user-select"
          >
            Select User
          </label>
          <select
            id="user-select"
          >
            <option
              value=""
            >
              -- Select a user --
            </option>
            <option
              value="john@example.com"
            >
              John Doe (john@example.com)
            </option>
          </select>
        </div>
        <button
          class="btn btn-primary btn-lg"
          type="submit"
        >
          Sign In
        </button>
      </form>
      <div
        class="login-footer"
      >
        <p>
          Select any user to log in (demo mode)
        </p>
      </div>
    </div>
  </div>
</DocumentFragment>
`;
